../Core/Src/main.c:265:7:Build_SVM_Table	96	static
../Core/Src/main.c:412:6:HAL_TIM_PeriodElapsedCallback	24	static
../Core/Src/main.c:488:13:NRF24_isInitialized	16	static
../Core/Src/main.c:500:5:main	112	static
../Core/Src/main.c:623:6:SystemClock_Config	88	static
../Core/Src/main.c:669:13:MX_ADC1_Init	24	static
../Core/Src/main.c:716:13:MX_SPI2_Init	8	static
../Core/Src/main.c:754:13:MX_TIM1_Init	80	static
../Core/Src/main.c:827:13:MX_TIM2_Init	48	static
../Core/Src/main.c:876:13:MX_TIM3_Init	32	static
../Core/Src/main.c:919:13:MX_DMA_Init	16	static
../Core/Src/main.c:937:13:MX_GPIO_Init	40	static
../Core/Src/main.c:983:6:Task_RF_Receive	16	static
../Core/Src/main.c:1026:10:Read_ADC	16	static
../Core/Src/main.c:1038:6:VF_Frequency_Ramp	24	static
../Core/Src/main.c:1092:6:Process_ADC_And_RF_Transmit	72	static
../Core/Src/main.c:1228:6:HAL_ADC_ConvCpltCallback	16	static
../Core/Src/main.c:1242:6:Task_SVM_Background	16	static
../Core/Src/main.c:1275:6:Start_ADC_Capture_200Samples	24	static
../Core/Src/main.c:1313:6:Calculate_Actual_Params	128	static
../Core/Src/main.c:1401:6:Error_Handler	4	static,ignoring_inline_asm
