../Core/Src/main.c:271:7:Build_SVM_Table	96	static
../Core/Src/main.c:408:6:HAL_TIM_PeriodElapsedCallback	24	static
../Core/Src/main.c:486:13:NRF24_isInitialized	16	static
../Core/Src/main.c:498:5:main	112	static
../Core/Src/main.c:652:6:SystemClock_Config	88	static
../Core/Src/main.c:698:13:MX_ADC1_Init	24	static
../Core/Src/main.c:745:13:MX_SPI2_Init	8	static
../Core/Src/main.c:783:13:MX_TIM1_Init	80	static
../Core/Src/main.c:856:13:MX_TIM2_Init	48	static
../Core/Src/main.c:905:13:MX_TIM3_Init	32	static
../Core/Src/main.c:948:13:MX_DMA_Init	16	static
../Core/Src/main.c:966:13:MX_GPIO_Init	40	static
../Core/Src/main.c:1012:6:Task_RF_Receive	16	static
../Core/Src/main.c:1056:10:Read_ADC	16	static
../Core/Src/main.c:1068:6:VF_Frequency_Ramp	24	static
../Core/Src/main.c:1122:6:Process_ADC_And_RF_Transmit	80	static
../Core/Src/main.c:1280:6:HAL_ADC_ConvCpltCallback	16	static
../Core/Src/main.c:1294:6:Task_SVM_Background	16	static
../Core/Src/main.c:1327:6:Start_ADC_Capture_200Samples	24	static
../Core/Src/main.c:1365:6:Calculate_Actual_Params	128	static
../Core/Src/main.c:1452:13:NRF24_Recovery	8	static
../Core/Src/main.c:1471:6:NRF24_Seek_And_Lock_Remote	24	static
../Core/Src/main.c:1533:6:Error_Handler	4	static,ignoring_inline_asm
