../Core/Src/main.c:265:7:Build_SVM_Table	104	static
../Core/Src/main.c:423:6:HAL_TIM_PeriodElapsedCallback	24	static
../Core/Src/main.c:499:13:NRF24_isInitialized	16	static
../Core/Src/main.c:511:5:main	112	static
../Core/Src/main.c:634:6:SystemClock_Config	88	static
../Core/Src/main.c:680:13:MX_ADC1_Init	24	static
../Core/Src/main.c:727:13:MX_SPI2_Init	8	static
../Core/Src/main.c:765:13:MX_TIM1_Init	80	static
../Core/Src/main.c:838:13:MX_TIM2_Init	48	static
../Core/Src/main.c:887:13:MX_TIM3_Init	32	static
../Core/Src/main.c:930:13:MX_DMA_Init	16	static
../Core/Src/main.c:948:13:MX_GPIO_Init	40	static
../Core/Src/main.c:994:6:Task_RF_Receive	16	static
../Core/Src/main.c:1037:10:Read_ADC	16	static
../Core/Src/main.c:1049:6:VF_Frequency_Ramp	24	static
../Core/Src/main.c:1090:6:Process_ADC_And_RF_Transmit	48	static
../Core/Src/main.c:1188:6:HAL_ADC_ConvCpltCallback	16	static
../Core/Src/main.c:1202:6:Task_SVM_Background	16	static
../Core/Src/main.c:1235:6:Start_ADC_Capture_200Samples	24	static
../Core/Src/main.c:1273:6:Calculate_Actual_Params	904	static
../Core/Src/main.c:1339:6:Error_Handler	4	static,ignoring_inline_asm
