../Core/Src/main.c:265:7:Build_SVM_Table	96	static
../Core/Src/main.c:402:6:HAL_TIM_PeriodElapsedCallback	24	static
../Core/Src/main.c:479:13:NRF24_isInitialized	16	static
../Core/Src/main.c:491:5:main	112	static
../Core/Src/main.c:614:6:SystemClock_Config	88	static
../Core/Src/main.c:660:13:MX_ADC1_Init	24	static
../Core/Src/main.c:707:13:MX_SPI2_Init	8	static
../Core/Src/main.c:745:13:MX_TIM1_Init	80	static
../Core/Src/main.c:818:13:MX_TIM2_Init	48	static
../Core/Src/main.c:867:13:MX_TIM3_Init	32	static
../Core/Src/main.c:910:13:MX_DMA_Init	16	static
../Core/Src/main.c:928:13:MX_GPIO_Init	40	static
../Core/Src/main.c:974:6:Task_RF_Receive	16	static
../Core/Src/main.c:1017:10:Read_ADC	16	static
../Core/Src/main.c:1029:6:VF_Frequency_Ramp	24	static
../Core/Src/main.c:1083:6:Process_ADC_And_RF_Transmit	80	static
../Core/Src/main.c:1248:6:HAL_ADC_ConvCpltCallback	16	static
../Core/Src/main.c:1262:6:Task_SVM_Background	16	static
../Core/Src/main.c:1295:6:Start_ADC_Capture_200Samples	24	static
../Core/Src/main.c:1333:6:Calculate_Actual_Params	128	static
../Core/Src/main.c:1420:13:NRF24_Recovery	8	static
../Core/Src/main.c:1445:6:Error_Handler	4	static,ignoring_inline_asm
